// Jest Snapshot v1, https://goo.gl/fbAQLP

exports[`Babel Transform Integrity mixed-expression-url should compile to the expected result 1`] = `
"\\"use strict\\";

function _getRequireWildcardCache() { if (typeof WeakMap !== \\"function\\") return null; var cache = new WeakMap(); _getRequireWildcardCache = function () { return cache; }; return cache; }

function _interopRequireWildcard(obj) { if (obj && obj.__esModule) { return obj; } var cache = _getRequireWildcardCache(); if (cache && cache.has(obj)) { return cache.get(obj); } var newObj = {}; if (obj != null) { var hasPropertyDescriptor = Object.defineProperty && Object.getOwnPropertyDescriptor; for (var key in obj) { if (Object.prototype.hasOwnProperty.call(obj, key)) { var desc = hasPropertyDescriptor ? Object.getOwnPropertyDescriptor(obj, key) : null; if (desc && (desc.get || desc.set)) { Object.defineProperty(newObj, key, desc); } else { newObj[key] = obj[key]; } } } } newObj.default = obj; if (cache) { cache.set(obj, newObj); } return newObj; }

Promise.resolve().then(() => _interopRequireWildcard(require(\`\${
/* importUrl */
'http://localhost:3002/' + window.entryManifest['website-two']['hello-world.js']}\`)));
const someUrl = 'http://something.com';
Promise.resolve().then(() => _interopRequireWildcard(require(\`\${
/*importUrl */
someUrl}\`))); // import(/*importUrl */ ()=> 'http://thing.com/js/index.js')"
`;

exports[`Babel Transform Integrity module-extraction should compile to the expected result 1`] = `
"\\"use strict\\";

function _getRequireWildcardCache() { if (typeof WeakMap !== \\"function\\") return null; var cache = new WeakMap(); _getRequireWildcardCache = function () { return cache; }; return cache; }

function _interopRequireWildcard(obj) { if (obj && obj.__esModule) { return obj; } var cache = _getRequireWildcardCache(); if (cache && cache.has(obj)) { return cache.get(obj); } var newObj = {}; if (obj != null) { var hasPropertyDescriptor = Object.defineProperty && Object.getOwnPropertyDescriptor; for (var key in obj) { if (Object.prototype.hasOwnProperty.call(obj, key)) { var desc = hasPropertyDescriptor ? Object.getOwnPropertyDescriptor(obj, key) : null; if (desc && (desc.get || desc.set)) { Object.defineProperty(newObj, key, desc); } else { newObj[key] = obj[key]; } } } } newObj.default = obj; if (cache) { cache.set(obj, newObj); } return newObj; }

Promise.resolve().then(() => _interopRequireWildcard(require(\`\${
/* importUrl */
'http://localhost:3002/' + window.entryManifest['website-two']['hello-world.js']}\`))).then(({
  exportedModule
}) => {
  exportedModule.externalFunction();
});"
`;

exports[`Babel Transform Integrity non-module-extracting-promise should compile to the expected result 1`] = `
"\\"use strict\\";

function _getRequireWildcardCache() { if (typeof WeakMap !== \\"function\\") return null; var cache = new WeakMap(); _getRequireWildcardCache = function () { return cache; }; return cache; }

function _interopRequireWildcard(obj) { if (obj && obj.__esModule) { return obj; } var cache = _getRequireWildcardCache(); if (cache && cache.has(obj)) { return cache.get(obj); } var newObj = {}; if (obj != null) { var hasPropertyDescriptor = Object.defineProperty && Object.getOwnPropertyDescriptor; for (var key in obj) { if (Object.prototype.hasOwnProperty.call(obj, key)) { var desc = hasPropertyDescriptor ? Object.getOwnPropertyDescriptor(obj, key) : null; if (desc && (desc.get || desc.set)) { Object.defineProperty(newObj, key, desc); } else { newObj[key] = obj[key]; } } } } newObj.default = obj; if (cache) { cache.set(obj, newObj); } return newObj; }

Promise.resolve().then(() => _interopRequireWildcard(require('http://localhost:3002/importManifest.js'))).then(() => {
  console.log('this has been loaded');
});"
`;

exports[`Babel Transform Integrity normal-dynamic-import should compile to the expected result 1`] = `
"\\"use strict\\";

function _getRequireWildcardCache() { if (typeof WeakMap !== \\"function\\") return null; var cache = new WeakMap(); _getRequireWildcardCache = function () { return cache; }; return cache; }

function _interopRequireWildcard(obj) { if (obj && obj.__esModule) { return obj; } var cache = _getRequireWildcardCache(); if (cache && cache.has(obj)) { return cache.get(obj); } var newObj = {}; if (obj != null) { var hasPropertyDescriptor = Object.defineProperty && Object.getOwnPropertyDescriptor; for (var key in obj) { if (Object.prototype.hasOwnProperty.call(obj, key)) { var desc = hasPropertyDescriptor ? Object.getOwnPropertyDescriptor(obj, key) : null; if (desc && (desc.get || desc.set)) { Object.defineProperty(newObj, key, desc); } else { newObj[key] = obj[key]; } } } } newObj.default = obj; if (cache) { cache.set(obj, newObj); } return newObj; }

Promise.resolve().then(() => _interopRequireWildcard(require('./someDir/someFile.js')));"
`;

exports[`Babel Transform Integrity react-importer-component should compile to the expected result 1`] = `
"\\"use strict\\";

var _react = _interopRequireDefault(require(\\"react\\"));

var _index = require(\\"../../../../index\\");

function _interopRequireDefault(obj) { return obj && obj.__esModule ? obj : { default: obj }; }

function _getRequireWildcardCache() { if (typeof WeakMap !== \\"function\\") return null; var cache = new WeakMap(); _getRequireWildcardCache = function () { return cache; }; return cache; }

function _interopRequireWildcard(obj) { if (obj && obj.__esModule) { return obj; } var cache = _getRequireWildcardCache(); if (cache && cache.has(obj)) { return cache.get(obj); } var newObj = {}; if (obj != null) { var hasPropertyDescriptor = Object.defineProperty && Object.getOwnPropertyDescriptor; for (var key in obj) { if (Object.prototype.hasOwnProperty.call(obj, key)) { var desc = hasPropertyDescriptor ? Object.getOwnPropertyDescriptor(obj, key) : null; if (desc && (desc.get || desc.set)) { Object.defineProperty(newObj, key, desc); } else { newObj[key] = obj[key]; } } } } newObj.default = obj; if (cache) { cache.set(obj, newObj); } return newObj; }

const helloWorldUrl = 'http://test.com';

const component = () => _react.default.createElement(_index.ExternalComponent, {
  src: Promise.resolve().then(() => _interopRequireWildcard(require(\`\${
  /* importUrl */
  helloWorldUrl}\`))),
  module: \\"TitleComponent\\",
  export: \\"Title\\",
  title: 'Some Heading'
});"
`;

exports[`Babel Transform Integrity string-url-import should compile to the expected result 1`] = `
"\\"use strict\\";

function _getRequireWildcardCache() { if (typeof WeakMap !== \\"function\\") return null; var cache = new WeakMap(); _getRequireWildcardCache = function () { return cache; }; return cache; }

function _interopRequireWildcard(obj) { if (obj && obj.__esModule) { return obj; } var cache = _getRequireWildcardCache(); if (cache && cache.has(obj)) { return cache.get(obj); } var newObj = {}; if (obj != null) { var hasPropertyDescriptor = Object.defineProperty && Object.getOwnPropertyDescriptor; for (var key in obj) { if (Object.prototype.hasOwnProperty.call(obj, key)) { var desc = hasPropertyDescriptor ? Object.getOwnPropertyDescriptor(obj, key) : null; if (desc && (desc.get || desc.set)) { Object.defineProperty(newObj, key, desc); } else { newObj[key] = obj[key]; } } } } newObj.default = obj; if (cache) { cache.set(obj, newObj); } return newObj; }

Promise.resolve().then(() => _interopRequireWildcard(require('http://localhost:3002/importManifest.js')));"
`;
